// Jest Snapshot v1, https://goo.gl/fbAQLP

exports[`Artists renders renders Artists 1`] = `
<ul
  style={
    Object {
      "background": "white",
      "listStyle": "none",
      "width": "15vw",
    }
  }
>
  <li
    key="0"
  >
    <Artist
      artist={
        Object {
          "name": "lady",
        }
      }
    />
  </li>
</ul>
`;
