// Jest Snapshot v1, https://goo.gl/fbAQLP

exports[`App renders renders App 1`] = `
<BrowserRouter>
  <Header />
  <Route
    component={[Function]}
    exact={true}
    path="/"
  />
  <Route
    component={[Function]}
    path="/artist/:artist/:id"
  />
  <Route
    component={[Function]}
    path="/album/:artist/:id"
  />
  <Route
    component={[Function]}
    path="/song/:artist/:title"
  />
</BrowserRouter>
`;
