// Jest Snapshot v1, https://goo.gl/fbAQLP

exports[`Songs renders renders Songs 1`] = `
<ul
  style={
    Object {
      "background": "white",
      "listStyle": "none",
      "width": "15vw",
    }
  }
>
  <li
    key="0"
  >
    <Song
      artist="lady"
      song={
        Object {
          "date": "yes",
          "id": "no",
        }
      }
    />
  </li>
</ul>
`;
