// Jest Snapshot v1, https://goo.gl/fbAQLP

exports[`Album renders renders Album 1`] = `
<Fragment>
  <Link
    to="/album/lady/no"
  >
    <img
      style={
        Object {
          "width": "200px",
        }
      }
    />
    <p>
       (
      yes
      )
    </p>
  </Link>
</Fragment>
`;

exports[`Albums renders renders Albums 1`] = `
<ul>
  <li
    key="0"
  >
    <Album
      album={
        Object {
          "date": "yes",
          "id": "no",
        }
      }
      artist="lady"
    />
  </li>
</ul>
`;
